------------------------------------------------------------
Timing Analyzer Summary
------------------------------------------------------------

Type  : Slow 1100mV 85C Model Setup 'clk'
Slack : -0.759
TNS   : -2.727

Type  : Slow 1100mV 85C Model Hold 'clk'
Slack : 0.432
TNS   : 0.000

Type  : Slow 1100mV 85C Model Minimum Pulse Width 'clk'
Slack : -0.724
TNS   : -6.634

Type  : Slow 1100mV 0C Model Setup 'clk'
Slack : -0.789
TNS   : -3.053

Type  : Slow 1100mV 0C Model Hold 'clk'
Slack : 0.420
TNS   : 0.000

Type  : Slow 1100mV 0C Model Minimum Pulse Width 'clk'
Slack : -0.724
TNS   : -6.777

Type  : Fast 1100mV 85C Model Setup 'clk'
Slack : 0.254
TNS   : 0.000

Type  : Fast 1100mV 85C Model Hold 'clk'
Slack : 0.182
TNS   : 0.000

Type  : Fast 1100mV 85C Model Minimum Pulse Width 'clk'
Slack : -0.078
TNS   : -0.464

Type  : Fast 1100mV 0C Model Setup 'clk'
Slack : 0.292
TNS   : 0.000

Type  : Fast 1100mV 0C Model Hold 'clk'
Slack : 0.172
TNS   : 0.000

Type  : Fast 1100mV 0C Model Minimum Pulse Width 'clk'
Slack : -0.081
TNS   : -0.482

------------------------------------------------------------
